I'm sorry, but errors were detected in your script. Please correct the
errors listed below, and try again.


File "game/script.rpy", line 17: end of line expected.
    scene bg library.v2
                    ^

Ren'Py Version: Ren'Py 8.0.3.22090809
Sat Jan  7 19:26:20 2023
